Archive member included to satisfy reference by file (symbol)

c:/program files (x86)/gnu tools arm embedded/5.4 2016q2/bin/../lib/gcc/arm-none-eabi/5.4.1/../../../../arm-none-eabi/lib/armv7e-m/fpu\libm.a(lib_a-w_atan2.o)
                              ..\obj\bro_code_parser.o (atan2)
c:/program files (x86)/gnu tools arm embedded/5.4 2016q2/bin/../lib/gcc/arm-none-eabi/5.4.1/../../../../arm-none-eabi/lib/armv7e-m/fpu\libm.a(lib_a-w_sqrt.o)
                              ..\obj\bro_code_parser.o (sqrt)
c:/program files (x86)/gnu tools arm embedded/5.4 2016q2/bin/../lib/gcc/arm-none-eabi/5.4.1/../../../../arm-none-eabi/lib/armv7e-m/fpu\libm.a(lib_a-e_atan2.o)
                              c:/program files (x86)/gnu tools arm embedded/5.4 2016q2/bin/../lib/gcc/arm-none-eabi/5.4.1/../../../../arm-none-eabi/lib/armv7e-m/fpu\libm.a(lib_a-w_atan2.o) (__ieee754_atan2)
c:/program files (x86)/gnu tools arm embedded/5.4 2016q2/bin/../lib/gcc/arm-none-eabi/5.4.1/../../../../arm-none-eabi/lib/armv7e-m/fpu\libm.a(lib_a-e_sqrt.o)
                              c:/program files (x86)/gnu tools arm embedded/5.4 2016q2/bin/../lib/gcc/arm-none-eabi/5.4.1/../../../../arm-none-eabi/lib/armv7e-m/fpu\libm.a(lib_a-w_sqrt.o) (__ieee754_sqrt)
c:/program files (x86)/gnu tools arm embedded/5.4 2016q2/bin/../lib/gcc/arm-none-eabi/5.4.1/../../../../arm-none-eabi/lib/armv7e-m/fpu\libm.a(lib_a-s_atan.o)
                              c:/program files (x86)/gnu tools arm embedded/5.4 2016q2/bin/../lib/gcc/arm-none-eabi/5.4.1/../../../../arm-none-eabi/lib/armv7e-m/fpu\libm.a(lib_a-e_atan2.o) (atan)
c:/program files (x86)/gnu tools arm embedded/5.4 2016q2/bin/../lib/gcc/arm-none-eabi/5.4.1/../../../../arm-none-eabi/lib/armv7e-m/fpu\libm.a(lib_a-s_fabs.o)
                              c:/program files (x86)/gnu tools arm embedded/5.4 2016q2/bin/../lib/gcc/arm-none-eabi/5.4.1/../../../../arm-none-eabi/lib/armv7e-m/fpu\libm.a(lib_a-e_atan2.o) (fabs)
c:/program files (x86)/gnu tools arm embedded/5.4 2016q2/bin/../lib/gcc/arm-none-eabi/5.4.1/../../../../arm-none-eabi/lib/armv7e-m/fpu\libm.a(lib_a-s_lib_ver.o)
                              c:/program files (x86)/gnu tools arm embedded/5.4 2016q2/bin/../lib/gcc/arm-none-eabi/5.4.1/../../../../arm-none-eabi/lib/armv7e-m/fpu\libm.a(lib_a-w_sqrt.o) (__fdlib_version)
c:/program files (x86)/gnu tools arm embedded/5.4 2016q2/bin/../lib/gcc/arm-none-eabi/5.4.1/../../../../arm-none-eabi/lib/armv7e-m/fpu\libm.a(lib_a-s_matherr.o)
                              c:/program files (x86)/gnu tools arm embedded/5.4 2016q2/bin/../lib/gcc/arm-none-eabi/5.4.1/../../../../arm-none-eabi/lib/armv7e-m/fpu\libm.a(lib_a-w_sqrt.o) (matherr)
c:/program files (x86)/gnu tools arm embedded/5.4 2016q2/bin/../lib/gcc/arm-none-eabi/5.4.1/armv7e-m/fpu\libgcc.a(_arm_addsubdf3.o)
                              c:/program files (x86)/gnu tools arm embedded/5.4 2016q2/bin/../lib/gcc/arm-none-eabi/5.4.1/../../../../arm-none-eabi/lib/armv7e-m/fpu\libm.a(lib_a-e_atan2.o) (__aeabi_dsub)
c:/program files (x86)/gnu tools arm embedded/5.4 2016q2/bin/../lib/gcc/arm-none-eabi/5.4.1/armv7e-m/fpu\libgcc.a(_arm_muldivdf3.o)
                              ..\obj\bro_code_parser.o (__aeabi_dmul)
c:/program files (x86)/gnu tools arm embedded/5.4 2016q2/bin/../lib/gcc/arm-none-eabi/5.4.1/armv7e-m/fpu\libgcc.a(_arm_cmpdf2.o)
                              c:/program files (x86)/gnu tools arm embedded/5.4 2016q2/bin/../lib/gcc/arm-none-eabi/5.4.1/../../../../arm-none-eabi/lib/armv7e-m/fpu\libm.a(lib_a-w_sqrt.o) (__aeabi_dcmplt)
c:/program files (x86)/gnu tools arm embedded/5.4 2016q2/bin/../lib/gcc/arm-none-eabi/5.4.1/armv7e-m/fpu\libgcc.a(_arm_unorddf2.o)
                              c:/program files (x86)/gnu tools arm embedded/5.4 2016q2/bin/../lib/gcc/arm-none-eabi/5.4.1/../../../../arm-none-eabi/lib/armv7e-m/fpu\libm.a(lib_a-w_sqrt.o) (__aeabi_dcmpun)
c:/program files (x86)/gnu tools arm embedded/5.4 2016q2/bin/../lib/gcc/arm-none-eabi/5.4.1/armv7e-m/fpu\libgcc.a(_arm_fixdfsi.o)
                              ..\obj\bro_code_parser.o (__aeabi_d2iz)
c:/program files (x86)/gnu tools arm embedded/5.4 2016q2/bin/../lib/gcc/arm-none-eabi/5.4.1/armv7e-m/fpu\libgcc.a(_arm_truncdfsf2.o)
                              ..\obj\bro_code_parser.o (__aeabi_d2f)
c:/program files (x86)/gnu tools arm embedded/5.4 2016q2/bin/../lib/gcc/arm-none-eabi/5.4.1/../../../../arm-none-eabi/lib/armv7e-m/fpu\libg.a(lib_a-atof.o)
                              ..\obj\bro_code_parser.o (atof)
c:/program files (x86)/gnu tools arm embedded/5.4 2016q2/bin/../lib/gcc/arm-none-eabi/5.4.1/../../../../arm-none-eabi/lib/armv7e-m/fpu\libg.a(lib_a-errno.o)
                              c:/program files (x86)/gnu tools arm embedded/5.4 2016q2/bin/../lib/gcc/arm-none-eabi/5.4.1/../../../../arm-none-eabi/lib/armv7e-m/fpu\libm.a(lib_a-w_sqrt.o) (__errno)
[...]
Memory Configuration

Name             Origin             Length             Attributes
rom              0x08000000         0x00040000         xr
ram              0x20000000         0x0000a000         xrw
ram1             0x10000000         0x00002000         xrw
*default*        0x00000000         0xffffffff

Linker script and memory map

                0x2000a000                _eram = 0x2000a000

.text           0x08000000      0xe1c
 *(.isr_vector)
 .isr_vector    0x08000000      0x188 ..\obj\startup_stm32f30x.o
                0x08000000                g_pfnVectors
 *(.text*)
 .text.RCC_AHBPeriphClockCmd
                0x08000188       0x1c ..\obj\stm32f30x_rcc.o
                0x08000188                RCC_AHBPeriphClockCmd
 .text.RCC_APB2PeriphClockCmd
                0x080001a4       0x1c ..\obj\stm32f30x_rcc.o
                0x080001a4                RCC_APB2PeriphClockCmd
 .text.RCC_APB1PeriphClockCmd
                0x080001c0       0x1c ..\obj\stm32f30x_rcc.o
                0x080001c0                RCC_APB1PeriphClockCmd
 .text.TIM2_init
                0x080001dc       0x98 ..\obj\TIM_methods.o
                0x080001dc                TIM2_init
 .text.TIM4_init
                0x08000274       0x9c ..\obj\TIM_methods.o
                0x08000274                TIM4_init
 .text.TIM3_init
                0x08000310       0x9c ..\obj\TIM_methods.o
                0x08000310                TIM3_init
 .text.TIM8_init
                0x080003ac       0x98 ..\obj\TIM_methods.o
                0x080003ac                TIM8_init
 .text.SystemInit
                0x08000444      0x110 ..\obj\system_stm32f30x.o
                0x08000444                SystemInit
 .text.NMI_Handler
                0x08000554        0x4 ..\obj\stm32f30x_it.o
                0x08000554                NMI_Handler
 .text.HardFault_Handler
                0x08000558        0x4 ..\obj\stm32f30x_it.o
                0x08000558                HardFault_Handler
 .text.MemManage_Handler
                0x0800055c        0x4 ..\obj\stm32f30x_it.o
                0x0800055c                MemManage_Handler
 .text.BusFault_Handler
                0x08000560        0x4 ..\obj\stm32f30x_it.o
                0x08000560                BusFault_Handler
 .text.UsageFault_Handler
                0x08000564        0x4 ..\obj\stm32f30x_it.o
                0x08000564                UsageFault_Handler
 .text.SVC_Handler
                0x08000568        0x4 ..\obj\stm32f30x_it.o
                0x08000568                SVC_Handler
 .text.DebugMon_Handler
                0x0800056c        0x4 ..\obj\stm32f30x_it.o
                0x0800056c                DebugMon_Handler
 .text.PendSV_Handler
                0x08000570        0x4 ..\obj\stm32f30x_it.o
                0x08000570                PendSV_Handler
 .text.GPIO_Init
                0x08000574       0xb8 ..\obj\stm32f30x_gpio.o
                0x08000574                GPIO_Init
 .text.GPIO_PinAFConfig
                0x0800062c       0x2c ..\obj\stm32f30x_gpio.o
                0x0800062c                GPIO_PinAFConfig
 .text.hardware_init
                0x08000658       0x38 ..\obj\main.o
                0x08000658                hardware_init
 .text.startup.main
                0x08000690       0x1c ..\obj\main.o
                0x08000690                main
 .text.SysTick_Handler
                0x080006ac        0x4 ..\obj\interrupt_methods.o
                0x080006ac                SysTick_Handler
 .text.EXTI_init
                0x080006b0      0x11c ..\obj\interrupt_methods.o
                0x080006b0                EXTI_init
 .text.EXTI4_IRQHandler
                0x080007cc       0x24 ..\obj\interrupt_methods.o
                0x080007cc                EXTI4_IRQHandler
 .text.EXTI1_IRQHandler
                0x080007f0       0x24 ..\obj\interrupt_methods.o
                0x080007f0                EXTI1_IRQHandler
 .text.EXTI0_IRQHandler
                0x08000814       0x24 ..\obj\interrupt_methods.o
                0x08000814                EXTI0_IRQHandler
 .text.GPIO_init
                0x08000838       0xbc ..\obj\GPIO_methods.o
                0x08000838                GPIO_init
 .text.EXTI_Init
                0x080008f4      0x110 ..\obj\stm32f30x_exti.o
                0x080008f4                EXTI_Init
 .text.EXTI_GetITStatus
                0x08000a04       0x28 ..\obj\stm32f30x_exti.o
                0x08000a04                EXTI_GetITStatus
 .text.EXTI_ClearITPendingBit
                0x08000a2c       0x18 ..\obj\stm32f30x_exti.o
                0x08000a2c                EXTI_ClearITPendingBit
 .text.NVIC_Init
                0x08000a44       0x6c ..\obj\stm32f30x_misc.o
                0x08000a44                NVIC_Init
 .text.TIM_TimeBaseInit
                0x08000ab0       0xa8 ..\obj\stm32f30x_tim.o
                0x08000ab0                TIM_TimeBaseInit
 .text.TIM_Cmd  0x08000b58       0x1c ..\obj\stm32f30x_tim.o
                0x08000b58                TIM_Cmd
 .text.TIM_OC1Init
                0x08000b74       0x88 ..\obj\stm32f30x_tim.o
                0x08000b74                TIM_OC1Init
 .text.TIM_OC2Init
                0x08000bfc       0x74 ..\obj\stm32f30x_tim.o
                0x08000bfc                TIM_OC2Init
 .text.Reset_Handler
                0x08000c70       0x44 ..\obj\startup_stm32f30x.o
                0x08000c70                Reset_Handler
 .text.Default_Handler
                0x08000cb4        0x2 ..\obj\startup_stm32f30x.o
                0x08000cb4                RTC_Alarm_IRQHandler
                0x08000cb4                TIM8_TRG_COM_IRQHandler
                0x08000cb4                TIM8_CC_IRQHandler
                0x08000cb4                TIM1_CC_IRQHandler
                0x08000cb4                USB_HP_IRQHandler
                0x08000cb4                PVD_IRQHandler
                0x08000cb4                EXTI3_IRQHandler
                0x08000cb4                I2C2_EV_IRQHandler
                0x08000cb4                FPU_IRQHandler
                0x08000cb4                EXTI2_TS_IRQHandler
                0x08000cb4                TIM1_UP_TIM16_IRQHandler
                0x08000cb4                ADC1_2_IRQHandler
                0x08000cb4                SPI1_IRQHandler
                0x08000cb4                TIM6_DAC_IRQHandler
                0x08000cb4                TIM8_UP_IRQHandler
                0x08000cb4                DMA2_Channel2_IRQHandler
                0x08000cb4                DMA1_Channel4_IRQHandler
                0x08000cb4                USART3_IRQHandler
                0x08000cb4                DMA1_Channel7_IRQHandler
                0x08000cb4                CAN1_RX1_IRQHandler
                0x08000cb4                UART5_IRQHandler
                0x08000cb4                ADC3_IRQHandler
                0x08000cb4                TIM4_IRQHandler
                0x08000cb4                DMA2_Channel1_IRQHandler
                0x08000cb4                I2C1_EV_IRQHandler
                0x08000cb4                DMA1_Channel6_IRQHandler
                0x08000cb4                UART4_IRQHandler
                0x08000cb4                DMA2_Channel4_IRQHandler
                0x08000cb4                TIM3_IRQHandler
                0x08000cb4                RCC_IRQHandler
                0x08000cb4                DMA1_Channel1_IRQHandler
                0x08000cb4                Default_Handler
                0x08000cb4                USBWakeUp_RMP_IRQHandler
                0x08000cb4                EXTI15_10_IRQHandler
                0x08000cb4                TIM7_IRQHandler
                0x08000cb4                EXTI9_5_IRQHandler
                0x08000cb4                TAMPER_STAMP_IRQHandler
                0x08000cb4                RTC_WKUP_IRQHandler
                0x08000cb4                SPI2_IRQHandler
                0x08000cb4                DMA2_Channel5_IRQHandler
                0x08000cb4                DMA1_Channel5_IRQHandler
                0x08000cb4                USB_LP_IRQHandler
                0x08000cb4                USB_LP_CAN1_RX0_IRQHandler
                0x08000cb4                TIM1_TRG_COM_TIM17_IRQHandler
                0x08000cb4                USB_HP_CAN1_TX_IRQHandler
                0x08000cb4                DMA1_Channel3_IRQHandler
                0x08000cb4                ADC4_IRQHandler
                0x08000cb4                WWDG_IRQHandler
                0x08000cb4                TIM2_IRQHandler
                0x08000cb4                COMP7_IRQHandler
                0x08000cb4                COMP1_2_3_IRQHandler
                0x08000cb4                USART2_IRQHandler
                0x08000cb4                COMP4_5_6_IRQHandler
                0x08000cb4                I2C2_ER_IRQHandler
                0x08000cb4                DMA1_Channel2_IRQHandler
                0x08000cb4                TIM8_BRK_IRQHandler
                0x08000cb4                CAN1_SCE_IRQHandler
                0x08000cb4                FLASH_IRQHandler
                0x08000cb4                USART1_IRQHandler
                0x08000cb4                SPI3_IRQHandler
                0x08000cb4                I2C1_ER_IRQHandler
                0x08000cb4                USBWakeUp_IRQHandler
                0x08000cb4                DMA2_Channel3_IRQHandler
                0x08000cb4                TIM1_BRK_TIM15_IRQHandler
 *fill*         0x08000cb6        0x2 
 .text.SYSCFG_EXTILineConfig
                0x08000cb8       0x30 ..\obj\stm32f30x_syscfg.o
                0x08000cb8                SYSCFG_EXTILineConfig
 .text.signal_x_set_en
                0x08000ce8       0x34 ..\obj\MOT_signals.o
                0x08000ce8                signal_x_set_en
 .text.signal_y_set_en
                0x08000d1c       0x38 ..\obj\MOT_signals.o
                0x08000d1c                signal_y_set_en
 .text.signal_z_set_freq
                0x08000d54       0x28 ..\obj\MOT_signals.o
                0x08000d54                signal_z_set_freq
 .text.signal_z_set_dir
                0x08000d7c       0x34 ..\obj\MOT_signals.o
                0x08000d7c                signal_z_set_dir
 .text.signal_z_set_en
                0x08000db0       0x38 ..\obj\MOT_signals.o
                0x08000db0                signal_z_set_en
 .text.signal_drill_set_en
                0x08000de8       0x34 ..\obj\MOT_signals.o
                0x08000de8                signal_drill_set_en
 *(.init)
 *(.fini)
 *crtbegin.o(.ctors)
 *crtbegin?.o(.ctors)
 *(EXCLUDE_FILE(*crtend.o *crtend?.o) .ctors)
 *(SORT(.ctors.*))
 *(.ctors)
 *crtbegin.o(.dtors)
 *crtbegin?.o(.dtors)
 *(EXCLUDE_FILE(*crtend.o *crtend?.o) .dtors)
 *(SORT(.dtors.*))
 *(.dtors)
 *(.rodata*)
 *(.eh_fram e*)

.glue_7         0x08000e1c        0x0
 .glue_7        0x08000e1c        0x0 linker stubs

.glue_7t        0x08000e1c        0x0
 .glue_7t       0x08000e1c        0x0 linker stubs

.vfp11_veneer   0x08000e1c        0x0
 .vfp11_veneer  0x08000e1c        0x0 linker stubs

.v4_bx          0x08000e1c        0x0
 .v4_bx         0x08000e1c        0x0 linker stubs

.iplt           0x08000e1c        0x0
 .iplt          0x08000e1c        0x0 ..\obj\GPIO_Toggle_Example.o

.rel.dyn        0x08000e1c        0x0
 .rel.iplt      0x08000e1c        0x0 ..\obj\GPIO_Toggle_Example.o

.ARM.extab
 *(.ARM.extab* .gnu.linkonce.armextab.*)
                0x08000e1c                __exidx_start = .

.ARM.exidx
 *(.ARM.exidx* .gnu.linkonce.armexidx.*)
                0x08000e1c                __exidx_end = .
                0x08000e1c                __etext = .
                0x08000e1c                _sidata = __etext

.data           0x20000000        0x4 load address 0x08000e1c
                0x20000000                __data_start__ = .
                0x20000000                _sdata = __data_start__
 *(vtable)
 *(.data*)
 .data          0x20000000        0x4 ..\obj\main.o
                0x20000000                PWM_width
                0x20000002                PWM_period
                0x20000004                . = ALIGN (0x4)
                [!provide]                PROVIDE (__preinit_array_start, .)
 *(.preinit_array)
                [!provide]                PROVIDE (__preinit_array_end, .)
                0x20000004                . = ALIGN (0x4)
                [!provide]                PROVIDE (__init_array_start, .)
 *(SORT(.init_array.*))
 *(.init_array)
                [!provide]                PROVIDE (__init_array_end, .)
                0x20000004                . = ALIGN (0x4)
                [!provide]                PROVIDE (__fini_array_start, .)
 *(SORT(.fini_array.*))
 *(.fini_array)
                [!provide]                PROVIDE (__fini_array_end, .)
 *(.jcr*)
                0x20000004                . = ALIGN (0x4)
                0x20000004                __data_end__ = .
                0x20000004                _edata = __data_end__

.igot.plt       0x20000004        0x0 load address 0x08000e20
 .igot.plt      0x20000004        0x0 ..\obj\GPIO_Toggle_Example.o

.bss            0x20000004       0x1c load address 0x08000e20
                0x20000004                . = ALIGN (0x4)
                0x20000004                __bss_start__ = .
                0x20000004                _sbss = __bss_start__
 *(.bss*)
 .bss           0x20000004       0x1c ..\obj\main.o
                0x20000004                PWM_prescale
                0x20000008                number_of_steps_signal_z
                0x2000000c                number_of_steps_signal_y
                0x20000010                number_of_steps_signal_x
                0x20000014                count_step_signal_z
                0x20000018                count_step_signal_y
                0x2000001c                count_step_signal_x
 *(COMMON)
                0x20000020                . = ALIGN (0x4)
                0x20000020                __bss_end__ = .
                0x20000020                _ebss = __bss_end__

.heap           0x20000020        0x0
                0x20000020                __end__ = .
                0x20000020                _end = __end__
                0x20000020                end = __end__
 *(.heap*)
                0x20000020                __HeapLimit = .

.co_stack       0x20000020        0x0
                0x20000020                . = ALIGN (0x8)
 *(.co_stack .co_stack.*)
                0x2000a000                __StackTop = (ORIGIN (ram) + LENGTH (ram))
                0x2000a000                __StackLimit = (__StackTop - SIZEOF (.co_stack))
                [!provide]                PROVIDE (__stack, __StackTop)
                0x00000001                ASSERT ((__StackLimit >= __HeapLimit), region ram  overflowed with stack)
LOAD ..\obj\GPIO_Toggle_Example.o
LOAD ..\obj\stm32f30x_rcc.o
LOAD ..\obj\stm32f3_discovery_lsm303dlhc.o
LOAD ..\obj\TIM_methods.o
LOAD ..\obj\system_stm32f30x.o
LOAD ..\obj\stm32f30x_adc.o
LOAD ..\obj\stm32f30x_it.o
LOAD ..\obj\stm32f30x_gpio.o
LOAD ..\obj\main.o
LOAD ..\obj\stm32f30x_dma.o
LOAD ..\obj\bro_code_parser.o
LOAD ..\obj\interrupt_methods.o
LOAD ..\obj\printf.o
LOAD ..\obj\GPIO_methods.o
LOAD ..\obj\stm32f30x_exti.o
LOAD ..\obj\stm32f30x_spi.o
LOAD ..\obj\stm32f30x_i2c.o
LOAD ..\obj\system_stm32f30x_temp.o
LOAD ..\obj\syscalls.o
LOAD ..\obj\stm32f30x_misc.o
LOAD ..\obj\stm32f30x_tim.o
LOAD ..\obj\stm32f3_discovery_l3gd20.o
LOAD ..\obj\startup_stm32f30x.o
LOAD ..\obj\stm32f30x_syscfg.o
LOAD ..\obj\MOT_signals.o
LOAD ..\obj\stm32f30x_can.o
LOAD ..\obj\stm32f3_discovery.o
LOAD ..\obj\stm32f30x_usart.o
LOAD c:/program files (x86)/gnu tools arm embedded/5.4 2016q2/bin/../lib/gcc/arm-none-eabi/5.4.1/../../../../arm-none-eabi/lib/armv7e-m/fpu\libm.a
START GROUP
LOAD c:/program files (x86)/gnu tools arm embedded/5.4 2016q2/bin/../lib/gcc/arm-none-eabi/5.4.1/armv7e-m/fpu\libgcc.a
LOAD c:/program files (x86)/gnu tools arm embedded/5.4 2016q2/bin/../lib/gcc/arm-none-eabi/5.4.1/../../../../arm-none-eabi/lib/armv7e-m/fpu\libg.a
LOAD c:/program files (x86)/gnu tools arm embedded/5.4 2016q2/bin/../lib/gcc/arm-none-eabi/5.4.1/../../../../arm-none-eabi/lib/armv7e-m/fpu\libc.a
END GROUP
OUTPUT(aks_xyz_loggar_stm32f3disc.elf elf32-littlearm)

.debug_info     0x00000000     0x70a1
 .debug_info    0x00000000      0xb78 ..\obj\stm32f30x_rcc.o
 .debug_info    0x00000b78      0x99f ..\obj\TIM_methods.o
 .debug_info    0x00001517      0x4db ..\obj\system_stm32f30x.o
 .debug_info    0x000019f2       0xf1 ..\obj\stm32f30x_it.o
 .debug_info    0x00001ae3      0x752 ..\obj\stm32f30x_gpio.o
 .debug_info    0x00002235      0x2e7 ..\obj\main.o
 .debug_info    0x0000251c      0xc8b ..\obj\interrupt_methods.o
 .debug_info    0x000031a7      0x419 ..\obj\GPIO_methods.o
 .debug_info    0x000035c0      0x3a6 ..\obj\stm32f30x_exti.o
 .debug_info    0x00003966      0x55c ..\obj\stm32f30x_misc.o
 .debug_info    0x00003ec2     0x28f1 ..\obj\stm32f30x_tim.o
 .debug_info    0x000067b3       0xc2 ..\obj\startup_stm32f30x.o
 .debug_info    0x00006875      0x318 ..\obj\stm32f30x_syscfg.o
 .debug_info    0x00006b8d      0x514 ..\obj\MOT_signals.o

.debug_abbrev   0x00000000     0x139f
 .debug_abbrev  0x00000000      0x297 ..\obj\stm32f30x_rcc.o
 .debug_abbrev  0x00000297      0x149 ..\obj\TIM_methods.o
 .debug_abbrev  0x000003e0      0x145 ..\obj\system_stm32f30x.o
 .debug_abbrev  0x00000525       0x89 ..\obj\stm32f30x_it.o
 .debug_abbrev  0x000005ae      0x1e4 ..\obj\stm32f30x_gpio.o
 .debug_abbrev  0x00000792       0xe5 ..\obj\main.o
 .debug_abbrev  0x00000877      0x223 ..\obj\interrupt_methods.o
 .debug_abbrev  0x00000a9a      0x138 ..\obj\GPIO_methods.o
 .debug_abbrev  0x00000bd2      0x18d ..\obj\stm32f30x_exti.o
 .debug_abbrev  0x00000d5f      0x156 ..\obj\stm32f30x_misc.o
 .debug_abbrev  0x00000eb5      0x277 ..\obj\stm32f30x_tim.o
 .debug_abbrev  0x0000112c       0x12 ..\obj\startup_stm32f30x.o
 .debug_abbrev  0x0000113e      0x192 ..\obj\stm32f30x_syscfg.o
 .debug_abbrev  0x000012d0       0xcf ..\obj\MOT_signals.o

.debug_loc      0x00000000     0x3c71
 .debug_loc     0x00000000      0xbbb ..\obj\stm32f30x_rcc.o
 .debug_loc     0x00000bbb      0x109 ..\obj\system_stm32f30x.o
 .debug_loc     0x00000cc4      0x351 ..\obj\stm32f30x_gpio.o
 .debug_loc     0x00001015       0x3e ..\obj\interrupt_methods.o
 .debug_loc     0x00001053      0x28e ..\obj\stm32f30x_exti.o
 .debug_loc     0x000012e1      0x185 ..\obj\stm32f30x_misc.o
 .debug_loc     0x00001466     0x25d8 ..\obj\stm32f30x_tim.o
 .debug_loc     0x00003a3e      0x1af ..\obj\stm32f30x_syscfg.o
 .debug_loc     0x00003bed       0x84 ..\obj\MOT_signals.o

.debug_aranges  0x00000000      0x818
 .debug_aranges
                0x00000000      0x150 ..\obj\stm32f30x_rcc.o
 .debug_aranges
                0x00000150       0x38 ..\obj\TIM_methods.o
 .debug_aranges
                0x00000188       0x28 ..\obj\system_stm32f30x.o
 .debug_aranges
                0x000001b0       0x40 ..\obj\stm32f30x_it.o
 .debug_aranges
                0x000001f0       0x80 ..\obj\stm32f30x_gpio.o
 .debug_aranges
                0x00000270       0x28 ..\obj\main.o
 .debug_aranges
                0x00000298       0x50 ..\obj\interrupt_methods.o
 .debug_aranges
                0x000002e8       0x20 ..\obj\GPIO_methods.o
 .debug_aranges
                0x00000308       0x50 ..\obj\stm32f30x_exti.o
 .debug_aranges
                0x00000358       0x40 ..\obj\stm32f30x_misc.o
 .debug_aranges
                0x00000398      0x378 ..\obj\stm32f30x_tim.o
 .debug_aranges
                0x00000710       0x28 ..\obj\startup_stm32f30x.o
 .debug_aranges
                0x00000738       0x68 ..\obj\stm32f30x_syscfg.o
 .debug_aranges
                0x000007a0       0x78 ..\obj\MOT_signals.o

.debug_ranges   0x00000000      0x808
 .debug_ranges  0x00000000      0x160 ..\obj\stm32f30x_rcc.o
 .debug_ranges  0x00000160       0x28 ..\obj\TIM_methods.o
 .debug_ranges  0x00000188       0x30 ..\obj\system_stm32f30x.o
 .debug_ranges  0x000001b8       0x30 ..\obj\stm32f30x_it.o
 .debug_ranges  0x000001e8       0x70 ..\obj\stm32f30x_gpio.o
 .debug_ranges  0x00000258       0x18 ..\obj\main.o
 .debug_ranges  0x00000270       0x58 ..\obj\interrupt_methods.o
 .debug_ranges  0x000002c8       0x10 ..\obj\GPIO_methods.o
 .debug_ranges  0x000002d8       0x40 ..\obj\stm32f30x_exti.o
 .debug_ranges  0x00000318       0x30 ..\obj\stm32f30x_misc.o
 .debug_ranges  0x00000348      0x3e0 ..\obj\stm32f30x_tim.o
 .debug_ranges  0x00000728       0x20 ..\obj\startup_stm32f30x.o
 .debug_ranges  0x00000748       0x58 ..\obj\stm32f30x_syscfg.o
 .debug_ranges  0x000007a0       0x68 ..\obj\MOT_signals.o

.debug_line     0x00000000     0x3156
 .debug_line    0x00000000      0x610 ..\obj\stm32f30x_rcc.o
 .debug_line    0x00000610      0x331 ..\obj\TIM_methods.o
 .debug_line    0x00000941      0x21e ..\obj\system_stm32f30x.o
 .debug_line    0x00000b5f      0x1b8 ..\obj\stm32f30x_it.o
 .debug_line    0x00000d17      0x383 ..\obj\stm32f30x_gpio.o
 .debug_line    0x0000109a      0x1dc ..\obj\main.o
 .debug_line    0x00001276      0x37f ..\obj\interrupt_methods.o
 .debug_line    0x000015f5      0x247 ..\obj\GPIO_methods.o
 .debug_line    0x0000183c      0x2d3 ..\obj\stm32f30x_exti.o
 .debug_line    0x00001b0f      0x281 ..\obj\stm32f30x_misc.o
 .debug_line    0x00001d90      0xde1 ..\obj\stm32f30x_tim.o
 .debug_line    0x00002b71       0xab ..\obj\startup_stm32f30x.o
 .debug_line    0x00002c1c      0x27d ..\obj\stm32f30x_syscfg.o
 .debug_line    0x00002e99      0x2bd ..\obj\MOT_signals.o

.debug_str      0x00000000     0x2876
 .debug_str     0x00000000      0x7a6 ..\obj\stm32f30x_rcc.o
                                0x837 (size before relaxing)
 .debug_str     0x000007a6      0x476 ..\obj\TIM_methods.o
                                0x66f (size before relaxing)
 .debug_str     0x00000c1c       0xf9 ..\obj\system_stm32f30x.o
                                0x342 (size before relaxing)
 .debug_str     0x00000d15       0x97 ..\obj\stm32f30x_it.o
                                0x1f7 (size before relaxing)
 .debug_str     0x00000dac      0x173 ..\obj\stm32f30x_gpio.o
                                0x4f8 (size before relaxing)
 .debug_str     0x00000f1f      0x15e ..\obj\main.o
                                0x323 (size before relaxing)
 .debug_str     0x0000107d      0x764 ..\obj\interrupt_methods.o
                                0xbcf (size before relaxing)
 .debug_str     0x000017e1       0x90 ..\obj\GPIO_methods.o
                                0x40a (size before relaxing)
 .debug_str     0x00001871       0xea ..\obj\stm32f30x_exti.o
                                0x3b4 (size before relaxing)
 .debug_str     0x0000195b      0x114 ..\obj\stm32f30x_misc.o
                                0x411 (size before relaxing)
 .debug_str     0x00001a6f      0xba8 ..\obj\stm32f30x_tim.o
                                0xfcd (size before relaxing)
 .debug_str     0x00002617      0x1af ..\obj\stm32f30x_syscfg.o
                                0x394 (size before relaxing)
 .debug_str     0x000027c6       0xb0 ..\obj\MOT_signals.o
                                0x3ae (size before relaxing)

.comment        0x00000000       0x6e
 .comment       0x00000000       0x6e ..\obj\stm32f30x_rcc.o
                                 0x6f (size before relaxing)
 .comment       0x0000006e       0x6f ..\obj\TIM_methods.o
 .comment       0x0000006e       0x6f ..\obj\system_stm32f30x.o
 .comment       0x0000006e       0x6f ..\obj\stm32f30x_it.o
 .comment       0x0000006e       0x6f ..\obj\stm32f30x_gpio.o
 .comment       0x0000006e       0x6f ..\obj\main.o
 .comment       0x0000006e       0x6f ..\obj\interrupt_methods.o
 .comment       0x0000006e       0x6f ..\obj\GPIO_methods.o
 .comment       0x0000006e       0x6f ..\obj\stm32f30x_exti.o
 .comment       0x0000006e       0x6f ..\obj\stm32f30x_misc.o
 .comment       0x0000006e       0x6f ..\obj\stm32f30x_tim.o
 .comment       0x0000006e       0x6f ..\obj\stm32f30x_syscfg.o
 .comment       0x0000006e       0x6f ..\obj\MOT_signals.o

.ARM.attributes
                0x00000000       0x37
 .ARM.attributes
                0x00000000       0x39 ..\obj\stm32f30x_rcc.o
 .ARM.attributes
                0x00000039       0x39 ..\obj\TIM_methods.o
 .ARM.attributes
                0x00000072       0x39 ..\obj\system_stm32f30x.o
 .ARM.attributes
                0x000000ab       0x39 ..\obj\stm32f30x_it.o
 .ARM.attributes
                0x000000e4       0x39 ..\obj\stm32f30x_gpio.o
 .ARM.attributes
                0x0000011d       0x39 ..\obj\main.o
 .ARM.attributes
                0x00000156       0x39 ..\obj\interrupt_methods.o
 .ARM.attributes
                0x0000018f       0x39 ..\obj\GPIO_methods.o
 .ARM.attributes
                0x000001c8       0x39 ..\obj\stm32f30x_exti.o
 .ARM.attributes
                0x00000201       0x39 ..\obj\stm32f30x_misc.o
 .ARM.attributes
                0x0000023a       0x39 ..\obj\stm32f30x_tim.o
 .ARM.attributes
                0x00000273       0x21 ..\obj\startup_stm32f30x.o
 .ARM.attributes
                0x00000294       0x39 ..\obj\stm32f30x_syscfg.o
 .ARM.attributes
                0x000002cd       0x39 ..\obj\MOT_signals.o

.debug_frame    0x00000000     0x11e0
 .debug_frame   0x00000000      0x298 ..\obj\stm32f30x_rcc.o
 .debug_frame   0x00000298       0xa4 ..\obj\TIM_methods.o
 .debug_frame   0x0000033c       0x44 ..\obj\system_stm32f30x.o
 .debug_frame   0x00000380       0x90 ..\obj\stm32f30x_it.o
 .debug_frame   0x00000410      0x134 ..\obj\stm32f30x_gpio.o
 .debug_frame   0x00000544       0x44 ..\obj\main.o
 .debug_frame   0x00000588       0xc4 ..\obj\interrupt_methods.o
 .debug_frame   0x0000064c       0x30 ..\obj\GPIO_methods.o
 .debug_frame   0x0000067c       0xd0 ..\obj\stm32f30x_exti.o
 .debug_frame   0x0000074c       0x74 ..\obj\stm32f30x_misc.o
 .debug_frame   0x000007c0      0x854 ..\obj\stm32f30x_tim.o
 .debug_frame   0x00001014       0xfc ..\obj\stm32f30x_syscfg.o
 .debug_frame   0x00001110       0xd0 ..\obj\MOT_signals.o
